// Jest Snapshot v1, https://goo.gl/fbAQLP

exports[`applySourceMapsToEvents dev profiles should throw an error if args are not populated 1`] = `"Source maps could not be derived for an event at 1000 and with stackFrame ID undefined"`;
